Skeleton data: Mock skeleton
Properties:
SpeciesName
Lifespan
Length
Species name from skeleton: Turtle
Lifespan from skeleton: 100
Length from skeleton: 30,5
Current language code: default
Languages:
Turtles are cool animals.